#separator \x09
#set_separator	,
#empty_field	(empty)
#unset_field	-
#path	x509
#open	2024-12-18-14-35-53
#fields	ts	fingerprint	certificate.version	certificate.serial	certificate.subject	certificate.issuer	certificate.not_valid_before	certificate.not_valid_after	certificate.key_alg	certificate.sig_alg	certificate.key_type	certificate.key_length	certificate.exponent	certificate.curve	san.dns	san.uri	san.email	san.ip	basic_constraints.ca	basic_constraints.path_len	host_cert	client_cert
#types	time	string	count	string	string	string	time	time	string	string	string	count	string	string	vector[string]	vector[string]	vector[string]	vector[addr]	bool	count	bool	bool
1734532453.312875	3cee53bd5912265370cc69569c33e96b9980ba710208ddd8000edba402b1aaf2	1	01	CN=serverA_512.server.int,L=Servers,ST=Texas,C=US	CN=server_ca.int,L=ServerCA,ST=Texas,C=US	1265321441.000000	2129321441.000000	rsaEncryption	sha1WithRSAEncryption	rsa	512	65537	-	-	-	-	-	-	-	T	F
1734532453.338238	8019860c02cd75002849671fc6eee306d77b95c5c315eded4aa4d126a235b524	3	45F11152	CN=yJPqghQcgAluAKfWbVXc,O=sgHlaDGYoXhFwZhYMqcD,L=NGPVYltxTHIloMNPFUIv,ST=CA,C=US	CN=AtQWLlnCKMpeEOjZNQxG,O=PqlKydGHUJVgcPGiwZBK,L=xalFGmVfvkvIXsnxFBds,ST=VT,C=US	1734537171.000000	1734540771.000000	rsaEncryption	sha1WithRSAEncryption	rsa	512	65537	-	-	-	-	-	F	-	T	F
1734532453.535325	76e6b75d90f0e7303317bd04c53d89369cf8b754ced11bb9fc1c90e84b1e1124	3	5A125A9A	CN=yfmbkVCMFHPuPqtPNuNA,O=nGtECVOQCfOHZpPHqYPD,L=wStgOEmyVvPusFzdNcwN,ST=FL,C=US	CN=TIcplgVzlYvIGBeqpZkf,O=eRPbImhMajOvPIpTNFVe,L=yQOXakQtCTkmRnoAyocV,ST=SC,C=US	1734537197.000000	1734540797.000000	rsaEncryption	sha1WithRSAEncryption	rsa	512	65537	-	-	-	-	-	F	-	T	F
1734532454.649711	26e2b486b937ec674cff85ca9fd599c4ab04b26326a42ad0b6cfbeaceedbdbbe	1	01	CN=*.reddit.com,O=BreakingPoint,L=Austin,ST=TX,C=US	CN=serverA_1024.server.int,L=Servers,ST=Texas,C=US	1519383528.000000	1735383528.000000	rsaEncryption	sha1WithRSAEncryption	rsa	512	65537	-	-	-	-	-	-	-	T	F
1734532456.176905	d500a2324af8738375ffca8167dd23cddf481baa34978d8ca29eb891be59de18	1	01	CN=*.www.instagram.com,O=BreakingPoint,L=Austin,ST=TX,C=US	CN=server_ca.int,L=ServerCA,ST=Texas,C=US	1524755285.000000	1740755285.000000	rsaEncryption	sha1WithRSAEncryption	rsa	512	65537	-	-	-	-	-	-	-	T	F
1734532456.214906	ea2ca4f5f2ba7a001964ded94c3ea2b634a0723b181e05056841cc770bad36f4	1	01	CN=mem.gfx.ms,O=BreakingPoint,L=Austin,ST=TX,C=US	CN=server_ca.int,L=ServerCA,ST=Texas,C=US	1505160235.000000	1721160235.000000	rsaEncryption	sha1WithRSAEncryption	rsa	512	65537	-	-	-	-	-	-	-	T	F
1734532456.239440	ae520a6a858715550328bb0b212369b2691ae975633ac6f8ad955f23337b0bfc	1	01	CN=*.pipe.skype.com,O=BreakingPoint,L=Austin,ST=TX,C=US	CN=server_ca.int,L=ServerCA,ST=Texas,C=US	1499290361.000000	1715290361.000000	rsaEncryption	sha1WithRSAEncryption	rsa	512	65537	-	-	-	-	-	-	-	T	F
1734532456.264777	809cacfb05ae45c37abf19319de51fd5811244d6626d0523f82dfbb8bd086494	1	01	CN=*.vortex.data.microsoft.com,O=BreakingPoint,L=Austin,ST=TX,C=US	CN=server_ca.int,L=ServerCA,ST=Texas,C=US	1499290356.000000	1715290356.000000	rsaEncryption	sha1WithRSAEncryption	rsa	512	65537	-	-	-	-	-	-	-	T	F
1734532456.293306	c5cb8d3614ab3690cd25dd86133996e4f3e71d036a41ee3104bf350f9a415460	1	01	CN=c.msn.com,O=BreakingPoint,L=Austin,ST=TX,C=US	CN=server_ca.int,L=ServerCA,ST=Texas,C=US	1499290355.000000	1715290355.000000	rsaEncryption	sha1WithRSAEncryption	rsa	512	65537	-	-	-	-	-	-	-	T	F
1734532456.320913	59098b71678e749b2a82a09ca0e3c479bb1b868aa8907976ef17a7cc4ca33acc	1	01	CN=graph.windows.net,O=BreakingPoint,L=Austin,ST=TX,C=US	CN=server_ca.int,L=ServerCA,ST=Texas,C=US	1479213905.000000	1695213905.000000	rsaEncryption	sha1WithRSAEncryption	rsa	512	65537	-	-	-	-	-	-	-	T	F
1734532456.322955	df409d99af6707269085f15f50a22587ce0a9006b3cb38038a24729ac39212e8	1	01	CN=*.graph.instagram.com,O=BreakingPoint,L=Austin,ST=TX,C=US	CN=server_ca.int,L=ServerCA,ST=Texas,C=US	1524755285.000000	1740755285.000000	rsaEncryption	sha1WithRSAEncryption	rsa	512	65537	-	-	-	-	-	-	-	T	F
1734532456.696913	6fff255ccac53505348ce171a46906ced667e2c2fe6e577fc8c2db65f76ad688	1	01	CN=*.instagram.com,O=BreakingPoint,L=Austin,ST=TX,C=US	CN=server_ca.int,L=ServerCA,ST=Texas,C=US	1524755285.000000	1740755285.000000	rsaEncryption	sha1WithRSAEncryption	rsa	512	65537	-	-	-	-	-	-	-	T	F
1734532464.082470	2a1d916e8e3479f42316904044b80f89b5cf9e633db06ed89e41c50faee556ab	1	01	CN=portal.office.com,O=BreakingPoint,L=Austin,ST=TX,C=US	CN=server_ca.int,L=ServerCA,ST=Texas,C=US	1499290354.000000	1715290354.000000	rsaEncryption	sha1WithRSAEncryption	rsa	512	65537	-	-	-	-	-	-	-	T	F
1734532464.106562	8e4d536ee7aeccd7c5f0a47c29960eb367906e331be506d65d1caafe943af120	1	01	CN=wildcard.onestore.ms,O=BreakingPoint,L=Austin,ST=TX,C=US	CN=server_ca.int,L=ServerCA,ST=Texas,C=US	1505160240.000000	1721160240.000000	rsaEncryption	sha1WithRSAEncryption	rsa	512	65537	-	-	-	-	-	-	-	T	F
1734532469.371295	19bf8c5432de212ab2db9eba37d92d5bcb9fdc644db51b4748648a9497758cf0	1	01	CN=*.reddit.com,O=BreakingPoint,L=Austin,ST=TX,C=US	CN=serverA_1024.server.int,L=Servers,ST=Texas,C=US	1519383528.000000	1735383528.000000	rsaEncryption	sha1WithRSAEncryption	rsa	512	65537	-	-	-	-	-	-	-	T	F
1734532469.612351	0f3c47f7239670c4aeec3d641a6b70e14704c90d10be7e3e6ec4bb9fb73968d8	1	01	CN=*.reddit.com,O=BreakingPoint,L=Austin,ST=TX,C=US	CN=serverA_1024.server.int,L=Servers,ST=Texas,C=US	1519383525.000000	1735383525.000000	rsaEncryption	sha1WithRSAEncryption	rsa	512	65537	-	-	-	-	-	-	-	T	F
1734532469.635647	46ebfc5f463713d76be27a840ab5f0ad1c1c566f60d1075c804e55d02fae4f86	1	01	CN=*.reddit.com,O=BreakingPoint,L=Austin,ST=TX,C=US	CN=serverA_1024.server.int,L=Servers,ST=Texas,C=US	1519383529.000000	1735383529.000000	rsaEncryption	sha1WithRSAEncryption	rsa	512	65537	-	-	-	-	-	-	-	T	F
1734532476.534382	898a1b5210d96ebc382a7d5f50fea04f789a86593f20ea4482c13d0d04573bb0	1	01	CN=*.reddit.com,O=BreakingPoint,L=Austin,ST=TX,C=US	CN=serverA_1024.server.int,L=Servers,ST=Texas,C=US	1519383529.000000	1735383529.000000	rsaEncryption	sha1WithRSAEncryption	rsa	512	65537	-	-	-	-	-	-	-	T	F
1734532476.612279	ae3bc619daeb01ee6290cf4b2a69c1ce903f72166ec65af398a897640cfe3d23	1	01	CN=*.reddit.com,O=BreakingPoint,L=Austin,ST=TX,C=US	CN=serverA_1024.server.int,L=Servers,ST=Texas,C=US	1519383530.000000	1735383530.000000	rsaEncryption	sha1WithRSAEncryption	rsa	512	65537	-	-	-	-	-	-	-	T	F
1734532476.643713	f95ba62b952e53d9184efaca4dd05a0933633a361a7ca3fb7bf5c48b3f71a169	1	01	CN=alb.reddit.com,O=BreakingPoint,L=Austin,ST=TX,C=US	CN=serverA_1024.server.int,L=Servers,ST=Texas,C=US	1519383522.000000	1735383522.000000	rsaEncryption	sha1WithRSAEncryption	rsa	512	65537	-	-	-	-	-	-	-	T	F
1734532496.281874	fcf5dc06ff08cddb37ca59d9d15a9dd479932eb019db27b819a097bf83a95873	1	01	CN=secure.aadcdn.microsoftonline-p.com,O=BreakingPoint,L=Austin,ST=TX,C=US	CN=server_ca.int,L=ServerCA,ST=Texas,C=US	1479213906.000000	1695213906.000000	rsaEncryption	sha1WithRSAEncryption	rsa	512	65537	-	-	-	-	-	-	-	T	F
1734532496.486791	1d6354609bde01dbc4483e7cf3648769cd7f2245ad66c53135b922a5c106ee6c	1	01	CN=appsforoffice.microsoft.com,O=BreakingPoint,L=Austin,ST=TX,C=US	CN=server_ca.int,L=ServerCA,ST=Texas,C=US	1499290360.000000	1715290360.000000	rsaEncryption	sha1WithRSAEncryption	rsa	512	65537	-	-	-	-	-	-	-	T	F
1734532517.794838	f38e0d979cd55a50ff279a040784daeeee747b0cd85e576778c6721d918519c4	1	01	CN=*.redditgifts.com,O=BreakingPoint,L=Austin,ST=TX,C=US	CN=serverA_1024.server.int,L=Servers,ST=Texas,C=US	1519383532.000000	1735383532.000000	rsaEncryption	sha1WithRSAEncryption	rsa	512	65537	-	-	-	-	-	-	-	T	F
1734532517.815406	16f0620b6e55ea8a2f81dd86a5d479163f96070761cea02f80e61a845a578c46	1	01	CN=*.redditgifts.com,O=BreakingPoint,L=Austin,ST=TX,C=US	CN=serverA_1024.server.int,L=Servers,ST=Texas,C=US	1519383533.000000	1735383533.000000	rsaEncryption	sha1WithRSAEncryption	rsa	512	65537	-	-	-	-	-	-	-	T	F
1734532517.924563	3cb44d025ef25b000c0ed9601a9a630df90d25b180716cf39ec5565a3fe316d2	1	01	CN=engine.a.redditmedia.com,O=BreakingPoint,L=Austin,ST=TX,C=US	CN=serverA_1024.server.int,L=Servers,ST=Texas,C=US	1519383534.000000	1735383534.000000	rsaEncryption	sha1WithRSAEncryption	rsa	512	65537	-	-	-	-	-	-	-	T	F
#close	2024-12-18-14-36-31
